[
  {
    "text": "Quite an interesting list... And nice to see that SAP HANA is looking as ridiculously overpriced as the software itself..."
  }
]
